// Jest Snapshot v1, https://goo.gl/fbAQLP

exports[`App component matches the snapshot. 1`] = `
<div
  className="App"
>
  <div>
    <nav
      className="mb-5 navbar navbar-expand-sm navbar-dark bg-dark"
    >
      <div
        className="container"
      >
        <a
          className="navbar-brand"
          href="/"
        >
          Retrify
        </a>
        <button
          className="navbar-toggler"
          onClick={[Function]}
          type="button"
        >
          <span
            className="navbar-toggler-icon"
          />
        </button>
        <div
          className="collapse navbar-collapse"
          style={Object {}}
        >
          <ul
            className="ml-auto navbar-nav"
          >
            <li
              className="nav-item"
            >
              <a
                className="nav-link"
                href="/register"
                onClick={[Function]}
              >
                Sign Up
              </a>
            </li>
            <li
              className="nav-item"
            >
              <a
                className="nav-link"
                href="/login"
                onClick={[Function]}
              >
                Login
              </a>
            </li>
            <li
              className="nav-item"
            >
              <a
                className="nav-link"
                href="/retro"
                onClick={[Function]}
              >
                New Retro
              </a>
            </li>
            <li
              className="nav-item"
            >
              <a
                className="nav-link"
                href="/"
                onClick={[Function]}
              >
                Log Out
              </a>
            </li>
            <li
              className="nav-item"
            >
              <a
                className="nav-link"
                href="/"
                onClick={[Function]}
              >
                <span
                  className="badge badge-danger badge-pill"
                >
                  D.S.
                </span>
              </a>
            </li>
          </ul>
        </div>
      </div>
    </nav>
  </div>
  <div
    className="dashboard container"
  >
    <div
      className="row"
    >
      <div
        className="col-sm-12 col-md-6"
      >
        <div
          className="retros-list section"
        >
          <div>
            <div
              className="mt-3 card"
            >
              <div
                className="card-body"
              >
                <div
                  className="card-title"
                >
                  Some title
                </div>
                <div
                  className="card-subtitle"
                >
                  Added by 
                  Some author
                </div>
              </div>
              <div
                className="card-footer"
                style={
                  Object {
                    "backgroundColor": "lightgray",
                    "borderColor": "lightgray",
                  }
                }
              >
                May 10th, 2019
              </div>
            </div>
          </div>
          <div>
            <div
              className="mt-3 card"
            >
              <div
                className="card-body"
              >
                <div
                  className="card-title"
                >
                  Some title
                </div>
                <div
                  className="card-subtitle"
                >
                  Added by 
                  Some author
                </div>
              </div>
              <div
                className="card-footer"
                style={
                  Object {
                    "backgroundColor": "lightgray",
                    "borderColor": "lightgray",
                  }
                }
              >
                May 10th, 2019
              </div>
            </div>
          </div>
          <div>
            <div
              className="mt-3 card"
            >
              <div
                className="card-body"
              >
                <div
                  className="card-title"
                >
                  Some title
                </div>
                <div
                  className="card-subtitle"
                >
                  Added by 
                  Some author
                </div>
              </div>
              <div
                className="card-footer"
                style={
                  Object {
                    "backgroundColor": "lightgray",
                    "borderColor": "lightgray",
                  }
                }
              >
                May 10th, 2019
              </div>
            </div>
          </div>
        </div>
      </div>
      <div
        className="col-sm-12 col-md-5 offset-md-1"
      >
        <div>
          <p>
            Notifications
          </p>
        </div>
      </div>
    </div>
  </div>
</div>
`;
